...                                                                    3

1 scenarios (1 passed)
3 steps (3 passed)
0s (0B)
