F_                                                                     2

--- Failed steps:
    When failing # tests/single-scenario/fail-and-skip.feature:7
      Error: step failed error

1 scenarios (1 failed)
2 steps (1 failed, 1 skipped)
0s (0B)
