UU                                                                     2

1 scenarios (1 undefined)
2 steps (2 undefined)
0s (0B)

You can implement step definitions for undefined steps with these snippets:

func undefined() error {
	return godog.ErrPending
}

func anotherUndefined() error {
	return godog.ErrPending
}

func FeatureContext(s *godog.Suite) {
	s.Step(`^undefined$`, undefined)
	s.Step(`^another undefined$`, anotherUndefined)
}

