@hello
Feature: My feature
  Scenario: My scenario
    Given not run
